// Jest Snapshot v1, https://goo.gl/fbAQLP

exports[`Custom Components NewLaneForm smoke-test 1`] = `
<div draggable="false"
     class="sc-iGgWBj iSNfA"
>
  <div>
    <div class="smooth-dnd-container horizontal">
      <section draggable="false"
               class="sc-kAyceB dgWEjS react-trello-lane"
      >
        <header class="sc-gsFSXq sc-imWYAI imRIDz gLxuAH">
          <span class="sc-kpDqfm gDkBAH">
            Sorted Lane
          </span>
          <span class="sc-dAlyuH iHiWje">
            <span>
              20/70
            </span>
          </span>
        </header>
        <div class="sc-dhKdcB ikKiDc">
          <div class="smooth-dnd-container vertical">
            <div class="smooth-dnd-draggable-wrapper">
              <article data-id="Card1"
                       class="sc-jlZhew sc-cwHptR clGdKf fQNcVl react-trello-card"
              >
                <header class="sc-gsFSXq sc-jEACwC imRIDz jNaWkr">
                  <span draggable="true"
                        class="sc-kpDqfm sc-cPiKLX cFicSq cnDDQK"
                  >
                    <textarea placeholder="title"
                              autocomplete="off"
                              autocorrect="off"
                              autocapitalize="off"
                              spellcheck="false"
                              rows="1"
                              class="sc-fHjqPf bsHyvp"
                              style="overflow: hidden; overflow-wrap: break-word; height: 18px;"
                    >
                      Buy milk
                    </textarea>
                  </span>
                  <span class="sc-dAlyuH sc-dLMFU iHiWje dvkFIZ">
                    <textarea placeholder="label"
                              autocomplete="off"
                              autocorrect="off"
                              autocapitalize="off"
                              spellcheck="false"
                              rows="1"
                              class="sc-fHjqPf bsHyvp"
                              style="overflow: hidden; overflow-wrap: break-word; height: 36px;"
                    >
                      2017-12-01
                    </textarea>
                  </span>
                  <div class="sc-hmdomO gJuJJJ">
                    <button class="sc-jsJBEP djrAfI">
                      ✖
                    </button>
                  </div>
                </header>
                <div class="sc-eDPEul cRhiim">
                  <textarea placeholder="description"
                            autocomplete="off"
                            autocorrect="off"
                            autocapitalize="off"
                            spellcheck="false"
                            rows="1"
                            class="sc-fHjqPf bsHyvp"
                            style="overflow: hidden; overflow-wrap: break-word; height: 36px;"
                  >
                    2 Gallons of milk at the Deli store
                  </textarea>
                </div>
              </article>
            </div>
            <div class="smooth-dnd-draggable-wrapper">
              <article data-id="Card2"
                       class="sc-jlZhew sc-cwHptR clGdKf fQNcVl react-trello-card"
              >
                <header class="sc-gsFSXq sc-jEACwC imRIDz jNaWkr">
                  <span draggable="true"
                        class="sc-kpDqfm sc-cPiKLX cFicSq cnDDQK"
                  >
                    <textarea placeholder="title"
                              autocomplete="off"
                              autocorrect="off"
                              autocapitalize="off"
                              spellcheck="false"
                              rows="1"
                              class="sc-fHjqPf bsHyvp"
                              style="overflow: hidden; overflow-wrap: break-word; height: 18px;"
                    >
                      Dispose Garbage
                    </textarea>
                  </span>
                  <span class="sc-dAlyuH sc-dLMFU iHiWje dvkFIZ">
                    <textarea placeholder="label"
                              autocomplete="off"
                              autocorrect="off"
                              autocapitalize="off"
                              spellcheck="false"
                              rows="1"
                              class="sc-fHjqPf bsHyvp"
                              style="overflow: hidden; overflow-wrap: break-word; height: 36px;"
                    >
                      2017-11-01
                    </textarea>
                  </span>
                  <div class="sc-hmdomO gJuJJJ">
                    <button class="sc-jsJBEP djrAfI">
                      ✖
                    </button>
                  </div>
                </header>
                <div class="sc-eDPEul cRhiim">
                  <textarea placeholder="description"
                            autocomplete="off"
                            autocorrect="off"
                            autocapitalize="off"
                            spellcheck="false"
                            rows="1"
                            class="sc-fHjqPf bsHyvp"
                            style="overflow: hidden; overflow-wrap: break-word; height: 36px;"
                  >
                    Sort out recyclable and waste as needed
                  </textarea>
                </div>
              </article>
            </div>
            <div class="smooth-dnd-draggable-wrapper">
              <article data-id="Card3"
                       class="sc-jlZhew sc-cwHptR clGdKf fQNcVl react-trello-card"
              >
                <header class="sc-gsFSXq sc-jEACwC imRIDz jNaWkr">
                  <span draggable="true"
                        class="sc-kpDqfm sc-cPiKLX cFicSq cnDDQK"
                  >
                    <textarea placeholder="title"
                              autocomplete="off"
                              autocorrect="off"
                              autocapitalize="off"
                              spellcheck="false"
                              rows="1"
                              class="sc-fHjqPf bsHyvp"
                              style="overflow: hidden; overflow-wrap: break-word; height: 18px;"
                    >
                      Write Blog
                    </textarea>
                  </span>
                  <span class="sc-dAlyuH sc-dLMFU iHiWje dvkFIZ">
                    <textarea placeholder="label"
                              autocomplete="off"
                              autocorrect="off"
                              autocapitalize="off"
                              spellcheck="false"
                              rows="1"
                              class="sc-fHjqPf bsHyvp"
                              style="overflow: hidden; overflow-wrap: break-word; height: 36px;"
                    >
                      2017-10-01
                    </textarea>
                  </span>
                  <div class="sc-hmdomO gJuJJJ">
                    <button class="sc-jsJBEP djrAfI">
                      ✖
                    </button>
                  </div>
                </header>
                <div class="sc-eDPEul cRhiim">
                  <textarea placeholder="description"
                            autocomplete="off"
                            autocorrect="off"
                            autocapitalize="off"
                            spellcheck="false"
                            rows="1"
                            class="sc-fHjqPf bsHyvp"
                            style="overflow: hidden; overflow-wrap: break-word; height: 18px;"
                  >
                    Can AI make memes?
                  </textarea>
                </div>
              </article>
            </div>
            <div class="smooth-dnd-draggable-wrapper">
              <article data-id="Card4"
                       class="sc-jlZhew sc-cwHptR clGdKf fQNcVl react-trello-card"
              >
                <header class="sc-gsFSXq sc-jEACwC imRIDz jNaWkr">
                  <span draggable="true"
                        class="sc-kpDqfm sc-cPiKLX cFicSq cnDDQK"
                  >
                    <textarea placeholder="title"
                              autocomplete="off"
                              autocorrect="off"
                              autocapitalize="off"
                              spellcheck="false"
                              rows="1"
                              class="sc-fHjqPf bsHyvp"
                              style="overflow: hidden; overflow-wrap: break-word; height: 18px;"
                    >
                      Pay Rent
                    </textarea>
                  </span>
                  <span class="sc-dAlyuH sc-dLMFU iHiWje dvkFIZ">
                    <textarea placeholder="label"
                              autocomplete="off"
                              autocorrect="off"
                              autocapitalize="off"
                              spellcheck="false"
                              rows="1"
                              class="sc-fHjqPf bsHyvp"
                              style="overflow: hidden; overflow-wrap: break-word; height: 36px;"
                    >
                      2017-09-01
                    </textarea>
                  </span>
                  <div class="sc-hmdomO gJuJJJ">
                    <button class="sc-jsJBEP djrAfI">
                      ✖
                    </button>
                  </div>
                </header>
                <div class="sc-eDPEul cRhiim">
                  <textarea placeholder="description"
                            autocomplete="off"
                            autocorrect="off"
                            autocapitalize="off"
                            spellcheck="false"
                            rows="1"
                            class="sc-fHjqPf bsHyvp"
                            style="overflow: hidden; overflow-wrap: break-word; height: 18px;"
                  >
                    Transfer to bank account
                  </textarea>
                </div>
              </article>
            </div>
          </div>
          <a class="sc-gFqAkR ecfzPu">
            Click to add card
          </a>
        </div>
      </section>
    </div>
  </div>
  <div class="smooth-dnd-container horizontal">
    <section class="sc-dAbbOL sc-feUZmu kUHSgc bMulzd">
      <button class="sc-fhzFiK duRxJO">
        + Add another lane
      </button>
    </section>
  </div>
</div>
`;
